let data (Maybe :: * -> *) a | Maybe_match where
      Just : a -> Maybe a
      Nothing : Maybe a
in Just {integer} (addInteger 1 2)