let ~a : integer = addInteger 1 2
    data Bool | Bool_match where
      True : Bool
      False : Bool
in Bool_match
     (ifThenElse {Bool} (lessThanInteger 3 4) True False) {all dead. integer}
     (/\dead -> 5) (/\dead -> addInteger a a) {all dead. dead}