({cpu: 4199244097 | mem: 14848530})
({cpu: 714299980 | mem: 3103204})
({cpu: 2933154011 | mem: 10371322})
({cpu: 588811980 | mem: 2557604})
({cpu: 2933154011 | mem: 10371322})
({cpu: 463323980 | mem: 2012004})
({cpu: 1667063925 | mem: 5894114})
({cpu: 463323980 | mem: 2012004})
({cpu: 2933154011 | mem: 10371322})
({cpu: 463323980 | mem: 2012004})
({cpu: 1667063925 | mem: 5894114})
({cpu: 337835980 | mem: 1466404})
({cpu: 1667063925 | mem: 5894114})
({cpu: 212347980 | mem: 920804})
({cpu: 400973839 | mem: 1416906})