({cpu: 5428100 | mem: 23700})
({cpu: 9062100 | mem: 39500})
({cpu: 10486491 | mem: 44402})
({cpu: 13075980 | mem: 54404})
({cpu: 15895469 | mem: 65406})
({cpu: 19266958 | mem: 78808})
({cpu: 25754152 | mem: 101916})
({cpu: 29020152 | mem: 116116})
({cpu: 30536543 | mem: 121418})
({cpu: 26894219 | mem: 106716})
({cpu: 45471518 | mem: 174936})
({cpu: 23350272 | mem: 94012})
({cpu: 66633960 | mem: 251760})
({cpu: 78522561 | mem: 299366})
({cpu: 92877902 | mem: 345592})
({cpu: 105272503 | mem: 395398})
({cpu: 124198136 | mem: 456432})
({cpu: 130099625 | mem: 480834})
({cpu: 160594662 | mem: 584280})
({cpu: 95705862 | mem: 390240})
({cpu: 400973839 | mem: 1416906})