Hash n bytestrings onto G1 and add points

    n     Script size             CPU usage               Memory usage
  ----------------------------------------------------------------------
    0      77   (0.5%)             100   (0.0%)             100   (0.0%) 
   10     187   (1.1%)       676580182   (6.8%)           39342   (0.3%) 
   20     297   (1.8%)      1353326072  (13.5%)           75702   (0.5%) 
   30     407   (2.5%)      2030071962  (20.3%)          112062   (0.8%) 
   40     517   (3.2%)      2706817852  (27.1%)          148422   (1.1%) 
   50     627   (3.8%)      3383563742  (33.8%)          184782   (1.3%) 
   60     737   (4.5%)      4060309632  (40.6%)          221142   (1.6%) 
   70     847   (5.2%)      4737055522  (47.4%)          257502   (1.8%) 
   80     957   (5.8%)      5413801412  (54.1%)          293862   (2.1%) 
   90    1067   (6.5%)      6090547302  (60.9%)          330222   (2.4%) 
  100    1177   (7.2%)      6767293192  (67.7%)          366582   (2.6%) 
  110    1287   (7.9%)      7444039082  (74.4%)          402942   (2.9%) 
  120    1397   (8.5%)      8120784972  (81.2%)          439302   (3.1%) 
  130    1507   (9.2%)      8797530862  (88.0%)          475662   (3.4%) 
  140    1617   (9.9%)      9474276752  (94.7%)          512022   (3.7%) 
  150    1727  (10.5%)     10151022642 (101.5%)          548382   (3.9%) 


Hash n bytestrings onto G2 and add points

    n     Script size             CPU usage               Memory usage
  ----------------------------------------------------------------------
    0      77   (0.5%)             100   (0.0%)             100   (0.0%) 
   10     187   (1.1%)      2070864812  (20.7%)           39684   (0.3%) 
   20     297   (1.8%)      4143208322  (41.4%)           76404   (0.5%) 
   30     407   (2.5%)      6215551832  (62.2%)          113124   (0.8%) 
   40     517   (3.2%)      8287895342  (82.9%)          149844   (1.1%) 
   50     627   (3.8%)     10360238852 (103.6%)          186564   (1.3%) 
   60     737   (4.5%)     12432582362 (124.3%)          223284   (1.6%) 
   70     847   (5.2%)     14504925872 (145.0%)          260004   (1.9%) 
   80     957   (5.8%)     16577269382 (165.8%)          296724   (2.1%) 
   90    1067   (6.5%)     18649612892 (186.5%)          333444   (2.4%) 
  100    1177   (7.2%)     20721956402 (207.2%)          370164   (2.6%) 
  110    1287   (7.9%)     22794299912 (227.9%)          406884   (2.9%) 
  120    1397   (8.5%)     24866643422 (248.7%)          443604   (3.2%) 
  130    1507   (9.2%)     26938986932 (269.4%)          480324   (3.4%) 
  140    1617   (9.9%)     29011330442 (290.1%)          517044   (3.7%) 
  150    1727  (10.5%)     31083673952 (310.8%)          553764   (4.0%) 


Uncompress n G1 points and add the results

    n     Script size             CPU usage               Memory usage
  ----------------------------------------------------------------------
    0      69   (0.4%)             100   (0.0%)             100   (0.0%) 
   10     619   (3.8%)       180114262   (1.8%)           37042   (0.3%) 
   20    1169   (7.1%)       360463232   (3.6%)           71402   (0.5%) 
   30    1719  (10.5%)       540812202   (5.4%)          105762   (0.8%) 
   40    2269  (13.8%)       721161172   (7.2%)          140122   (1.0%) 
   50    2819  (17.2%)       901510142   (9.0%)          174482   (1.2%) 
   60    3369  (20.6%)      1081859112  (10.8%)          208842   (1.5%) 
   70    3919  (23.9%)      1262208082  (12.6%)          243202   (1.7%) 
   80    4469  (27.3%)      1442557052  (14.4%)          277562   (2.0%) 
   90    5019  (30.6%)      1622906022  (16.2%)          311922   (2.2%) 
  100    5569  (34.0%)      1803254992  (18.0%)          346282   (2.5%) 
  110    6119  (37.3%)      1983603962  (19.8%)          380642   (2.7%) 
  120    6669  (40.7%)      2163952932  (21.6%)          415002   (3.0%) 
  130    7219  (44.1%)      2344301902  (23.4%)          449362   (3.2%) 
  140    7769  (47.4%)      2524650872  (25.2%)          483722   (3.5%) 
  150    8319  (50.8%)      2704999842  (27.0%)          518082   (3.7%) 


Uncompress n G2 points and add the results

    n     Script size             CPU usage               Memory usage
  ----------------------------------------------------------------------
    0      69   (0.4%)             100   (0.0%)             100   (0.0%) 
   10    1099   (6.7%)       357858922   (3.6%)           37384   (0.3%) 
   20    2129  (13.0%)       717265542   (7.2%)           72104   (0.5%) 
   30    3159  (19.3%)      1076672162  (10.8%)          106824   (0.8%) 
   40    4189  (25.6%)      1436078782  (14.4%)          141544   (1.0%) 
   50    5219  (31.9%)      1795485402  (18.0%)          176264   (1.3%) 
   60    6249  (38.1%)      2154892022  (21.5%)          210984   (1.5%) 
   70    7279  (44.4%)      2514298642  (25.1%)          245704   (1.8%) 
   80    8309  (50.7%)      2873705262  (28.7%)          280424   (2.0%) 
   90    9339  (57.0%)      3233111882  (32.3%)          315144   (2.3%) 
  100   10369  (63.3%)      3592518502  (35.9%)          349864   (2.5%) 
  110   11399  (69.6%)      3951925122  (39.5%)          384584   (2.7%) 
  120   12429  (75.9%)      4311331742  (43.1%)          419304   (3.0%) 
  130   13459  (82.1%)      4670738362  (46.7%)          454024   (3.2%) 
  140   14489  (88.4%)      5030144982  (50.3%)          488744   (3.5%) 
  150   15519  (94.7%)      5389551602  (53.9%)          523464   (3.7%) 


Apply pairing to two pairs of points in G1 x G2 and run finalVerify on the results

    n     Script size             CPU usage               Memory usage
  ----------------------------------------------------------------------
    -     334   (2.0%)      1193100538  (11.9%)            3746   (0.0%) 


Groth16 verification example

    n     Script size             CPU usage               Memory usage
  ----------------------------------------------------------------------
    -     779   (4.8%)      2312779174  (23.1%)           10904   (0.1%) 

VRF example

    n     Script size             CPU usage               Memory usage
  ----------------------------------------------------------------------
    -     785   (4.8%)      1325628046  (13.3%)          337715   (2.4%) 

G1 Verify

    n     Script size             CPU usage               Memory usage
  ----------------------------------------------------------------------
    -     325   (2.0%)      1447116857  (14.5%)            4936   (0.0%) 

G2 Verify

    n     Script size             CPU usage               Memory usage
  ----------------------------------------------------------------------
    -     374   (2.3%)      1308869563  (13.1%)            4918   (0.0%) 

Aggregate Single Key

    n     Script size             CPU usage               Memory usage
  ----------------------------------------------------------------------
    -     792   (4.8%)      3324285333  (33.2%)           87684   (0.6%) 

Aggregate Multi Key

    n     Script size             CPU usage               Memory usage
  ----------------------------------------------------------------------
    -    1774  (10.8%)      3731818298  (37.3%)          697857   (5.0%) 

Schnorr Signature G1

    n     Script size             CPU usage               Memory usage
  ----------------------------------------------------------------------
    -     425   (2.6%)       532221632   (5.3%)          265206   (1.9%) 

Schnorr Signature G2

    n     Script size             CPU usage               Memory usage
  ----------------------------------------------------------------------
    -     569   (3.5%)       951866353   (9.5%)          265392   (1.9%) 

Groth16Verify succeeded
Simple Verify succeeded
VRF succeeded
G1 Verify succeeded
G2 Verify succeeded
Aggregate Signature Single Key G1 Verify succeeded
Aggregate Signature Multi Key G2 Verify succeeded
Schnorr G1 Verify succeeded
Schnorr G2 Verify succeeded
